---
source: src/web/handlers.rs
expression: html.0
---
<!DOCTYPE html>
<html lang="en">
<head>
    <meta charset="utf-8">
    <meta name="viewport" content="width=device-width, initial-scale=1">
    <title>Fermenter — Dashboard</title>
    <link rel="stylesheet" href="/static/styles.css">
    <script src="https://unpkg.com/htmx.org@2"></script>
</head>
<body>
    <header>
        <h1>Fermenter</h1>
    </header>
    <main>
        
<div hx-get="/status" hx-trigger="every 10s" hx-swap="innerHTML">
    <div id="status" class="status">
    <p class="brew-id">Brew: <strong>00-TEST-v00</strong></p>
    <p class="server-time">Server time: 14-Jul-2026 14:30:45</p>
    
    <dl class="reading">
        <dt>Action</dt><dd>heating</dd>
        <dt>Reason</dt><dd>RC3.1 — REST-&gt;REST because we are in the target range.  There is natural heating so expect temperature to rise</dd>
        <dt>Target</dt><dd>19.5&deg;</dd>
        <dt>Average</dt><dd>18.7&deg;</dd>
        <dt>Min</dt><dd>18.0&deg;</dd>
        <dt>Max</dt><dd>19.0&deg;</dd>
        <dt>Ambient</dt><dd>20.1&deg;</dd>
    </dl>
    
</div>
</div>
<section class="chart-panel">
    <label for="chart-window">Temperature history</label>
    <select id="chart-window" name="window" hx-get="/chart" hx-trigger="change" hx-target="#chart" hx-swap="innerHTML">

        <option value="5m">Last 5 minutes</option>

        <option value="15m" selected>Last 15 minutes</option>

        <option value="1h">Last 1 hour</option>

        <option value="3h">Last 3 hours</option>

        <option value="6h">Last 6 hours</option>

        <option value="12h">Last 12 hours</option>

        <option value="24h">Last 24 hours</option>

        <option value="3d">Last 3 days</option>

        <option value="7d">Last 7 days</option>

        <option value="14d">Last 14 days</option>

    </select>
    <div id="chart" hx-get="/chart" hx-trigger="load, every 10s" hx-include="#chart-window" hx-swap="innerHTML"></div>
</section>
<form method="get" action="/target"><button type="submit">Set target temperature</button></form>
<form method="get" action="/brew"><button type="submit">Change brew identifier</button></form>

    </main>
</body>
</html>
